###############################################################################
#
# IAR ELF Linker V8.32.2.178/W32 for ARM                  02/Dec/2019  22:08:24
# Copyright 2007-2018 IAR Systems AB.
#
#    Output file  =  
#        C:\Siddharth\Fall 2019\EE 474\Labs\Final Project\Devyansh Bluetoth\Lab
#        5\Debug\Exe\projectOne.out
#    Map file     =  
#        C:\Siddharth\Fall 2019\EE 474\Labs\Final Project\Devyansh Bluetoth\Lab
#        5\Debug\List\projectOne.map
#    Command line =  
#        -f C:\Users\Siddharth\AppData\Local\Temp\EW8338.tmp
#        ("C:\Siddharth\Fall 2019\EE 474\Labs\Final Project\Devyansh
#        Bluetoth\Lab 5\Debug\Obj\main.o" --no_out_extension -o
#        "C:\Siddharth\Fall 2019\EE 474\Labs\Final Project\Devyansh
#        Bluetoth\Lab 5\Debug\Exe\projectOne.out" --redirect
#        _Printf=_PrintfFullNoMb --redirect _Scanf=_ScanfFullNoMb --map
#        "C:\Siddharth\Fall 2019\EE 474\Labs\Final Project\Devyansh
#        Bluetoth\Lab 5\Debug\List\projectOne.map" --config "C:\Program Files
#        (x86)\IAR Systems\Embedded Workbench
#        8.2\arm\config\linker\TexasInstruments\TM4C123GH6.icf" --semihosting
#        --entry __iar_program_start --vfe --text_out locale)
#
###############################################################################

*******************************************************************************
*** RUNTIME MODEL ATTRIBUTES
***

CppFlavor       = *
__SystemLibrary = DLib
__dlib_version  = 6


*******************************************************************************
*** HEAP SELECTION
***

The basic heap was selected because some modules are built with
size limitations (and not runtime checking), and --advanced_heap
was not specified.


*******************************************************************************
*** PLACEMENT SUMMARY
***

"A0":  place at 0x0 { ro section .intvec };
"P1":  place in [from 0x0 to 0x3'ffff] { ro };
define block CSTACK with size = 4K, alignment = 8 { };
define block HEAP with size = 8K, alignment = 8 { };
"P2":  place in [from 0x2000'0000 to 0x2000'7fff] {
          rw, block CSTACK, block HEAP };

No sections matched the following patterns:

  rw  in "P2"


  Section   Kind         Address    Size  Object
  -------   ----         -------    ----  ------
"A0":                               0x40
  .intvec   ro code          0x0    0x40  vector_table_M.o [4]
                          - 0x40    0x40

"P1":                              0x240
  .text     ro code         0x40   0x19c  main.o [1]
  .text     ro code        0x1dc    0x22  fpinit_M.o [3]
  .text     ro code        0x1fe     0x2  vector_table_M.o [4]
  .text     ro code        0x200    0x1e  cmain.o [4]
  .text     ro code        0x21e     0x4  low_level_init.o [2]
  .text     ro code        0x222     0x4  exit.o [2]
  .text     ro code        0x228     0xa  cexit.o [4]
  .text     ro code        0x234    0x14  exit.o [5]
  .rodata   const          0x248    0x18  main.o [1]
  .rodata   const          0x260    0x14  main.o [1]
  .text     ro code        0x274     0xc  cstartup_M.o [4]
                         - 0x280   0x240

"P2":                             0x1000
  CSTACK             0x2000'0000  0x1000  <Block>
    CSTACK  uninit   0x2000'0000  0x1000  <Block tail>
                   - 0x2000'1000  0x1000

Unused ranges:

         From           To      Size
         ----           --      ----
        0x280     0x3'ffff  0x3'fd80
  0x2000'1000  0x2000'7fff    0x7000



*******************************************************************************
*** MODULE SUMMARY
***

    Module            ro code  ro data  rw data
    ------            -------  -------  -------
command line/config:
    -------------------------------------------
    Total:

C:\Siddharth\Fall 2019\EE 474\Labs\Final Project\Devyansh Bluetoth\Lab 5\Debug\Obj: [1]
    main.o                412       44
    -------------------------------------------
    Total:                412       44

dl7M_tlf.a: [2]
    exit.o                  4
    low_level_init.o        4
    -------------------------------------------
    Total:                  8

m7M_tls.a: [3]
    fpinit_M.o             34
    -------------------------------------------
    Total:                 34

rt7M_tl.a: [4]
    cexit.o                10
    cmain.o                30
    cstartup_M.o           12
    vector_table_M.o       66
    -------------------------------------------
    Total:                118

shb_l.a: [5]
    exit.o                 20
    -------------------------------------------
    Total:                 20

    Gaps                    4
    Linker created                        4 096
-----------------------------------------------
    Grand Total:          596       44    4 096


*******************************************************************************
*** ENTRY LIST
***

Entry                     Address  Size  Type      Object
-----                     -------  ----  ----      ------
?main                       0x201        Code  Gb  cmain.o [4]
Buzzer_Off                   0xbb   0xc  Code  Gb  main.o [1]
Buzzer_On                    0xaf   0xc  Code  Gb  main.o [1]
CSTACK$$Base          0x2000'0000         --   Gb  - Linker created -
CSTACK$$Limit         0x2000'1000         --   Gb  - Linker created -
GPIO_Init                   0x10b  0x1e  Code  Gb  main.o [1]
LED_GREEN_Off                0xa3   0xc  Code  Gb  main.o [1]
LED_GREEN_On                 0x97   0xc  Code  Gb  main.o [1]
LED_Init                     0x51  0x46  Code  Gb  main.o [1]
Region$$Table$$Base           0x0         --   Gb  - Linker created -
Region$$Table$$Limit          0x0         --   Gb  - Linker created -
TransmitData                0x16d  0x1a  Code  Gb  main.o [1]
UART_Init                   0x129  0x36  Code  Gb  main.o [1]
__cmain                     0x201        Code  Gb  cmain.o [4]
__exit                      0x235  0x14  Code  Gb  exit.o [5]
__iar_init_vfp              0x1dd        Code  Gb  fpinit_M.o [3]
__iar_program_start         0x275        Code  Gb  cstartup_M.o [4]
__low_level_init            0x21f   0x4  Code  Gb  low_level_init.o [2]
__vector_table                0x0        Data  Gb  vector_table_M.o [4]
_call_main                  0x20d        Code  Gb  cmain.o [4]
_exit                       0x229        Code  Gb  cexit.o [4]
_main                       0x21b        Code  Gb  cmain.o [4]
delay                       0x15f   0xe  Code  Gb  main.o [1]
exit                        0x223   0x4  Code  Gb  exit.o [2]
main                         0xc7  0x44  Code  Gb  main.o [1]
readChar                     0x41  0x10  Code  Gb  main.o [1]


[1] = C:\Siddharth\Fall 2019\EE 474\Labs\Final Project\Devyansh Bluetoth\Lab 5\Debug\Obj
[2] = dl7M_tlf.a
[3] = m7M_tls.a
[4] = rt7M_tl.a
[5] = shb_l.a

    596 bytes of readonly  code memory
     44 bytes of readonly  data memory
  4 096 bytes of readwrite data memory

Errors: none
Warnings: none
